rm -rfv debug 
mkdir debug
bash finder.sh
ld -nostdlib -nostartfiles -T link.ld main.o screen.o stdio.o tunnel.o shell.o cstring.o cint.o panic.o mm.o smt.o keyboard_ps2.o tools.o serial.o idt.o idta.o pit.o window.o fs.o window_welcome.o shell_mouse.o ide.o idea.o event.o fpua.o path.o ui.o color.o tunnelconfig/system.o cpuid_toolsa.o ssea.o avxa.o sse.o uhci.o easter.o math.o desktop.o pita.o toolsa.o pic.o pica.o rtc.o nmi.o stdlib.o api.o encoder.o sort.o cJSON/cJSON.o cJSON/cJSON_Utils.o systemconf.o trnd.o unitype.o placeholder.o fonts/text.o fonts/gui.o -o tunnel.x86_64.elf
strip -K mmio -K fb -K bootboot -K environment -K initstack tunnel.x86_64.elf
readelf -hls tunnel.x86_64.elf > tunnel.x86_64.txt
rm -rfv fonts_compiled
mkdir fonts_compiled
mv fonts/*.o fonts_compiled/
cp tunnel.x86_64.elf debug/tunnel.x86_64.elf
cd debug
objdump -D tunnel.x86_64.elf > tunnel.x86_64.txt
cd ..
removed 'debug/tunnel.x86_64.txt'
removed directory 'debug'
Compiling *.c ...
gcc: error: *.c: No such file or directory
gcc: fatal error: no input files
compilation terminated.
Linking fonts/*.psf ...
ld: cannot open output file fonts/*.o: No such file or directory
Linking tunnelconfig/*.json
ld: cannot open output file tunnelconfig/*.o: No such file or directory
Assembling *.asm ...
nasm: fatal: unable to open input file `*.asm'
cp: cannot stat '*.o': No such file or directory
Compiling api.c ...
Compiling color.c ...
Compiling desktop.c ...
Compiling encoder.c ...
Compiling main.c ...
Compiling mm.c ...
Compiling panic.c ...
Compiling shell.c ...
Compiling smt.c ...
Compiling tunnel.c ...
Compiling ui.c ...
Compiling window.c ...
Linking fonts/*.psf ...
ld: cannot open output file fonts/*.o: No such file or directory
Linking tunnelconfig/*.json
ld: cannot open output file tunnelconfig/*.o: No such file or directory
Assembling *.asm ...
nasm: fatal: unable to open input file `*.asm'
Compiling cJSON.c ...
cJSON.c: In function ‘case_insensitive_strcmp’:
cJSON.c:145:19: warning: passing argument 1 of ‘tolower’ makes pointer from integer without a cast [-Wint-conversion]
  145 |     for(; tolower(*string1) == tolower(*string2); (void)string1++, string2++)
      |                   ^~~~~~~~
      |                   |
      |                   unsigned char
In file included from cJSON.c:40:
../include/cstring.h:5:7: note: expected ‘char *’ but argument is of type ‘unsigned char’
    5 | char *tolower(char *data);
      |       ^~~~~~~
cJSON.c:145:40: warning: passing argument 1 of ‘tolower’ makes pointer from integer without a cast [-Wint-conversion]
  145 |     for(; tolower(*string1) == tolower(*string2); (void)string1++, string2++)
      |                                        ^~~~~~~~
      |                                        |
      |                                        unsigned char
In file included from cJSON.c:40:
../include/cstring.h:5:7: note: expected ‘char *’ but argument is of type ‘unsigned char’
    5 | char *tolower(char *data);
      |       ^~~~~~~
cJSON.c:153:20: warning: passing argument 1 of ‘tolower’ makes pointer from integer without a cast [-Wint-conversion]
  153 |     return tolower(*string1) - tolower(*string2);
      |                    ^~~~~~~~
      |                    |
      |                    unsigned char
In file included from cJSON.c:40:
../include/cstring.h:5:7: note: expected ‘char *’ but argument is of type ‘unsigned char’
    5 | char *tolower(char *data);
      |       ^~~~~~~
cJSON.c:153:40: warning: passing argument 1 of ‘tolower’ makes pointer from integer without a cast [-Wint-conversion]
  153 |     return tolower(*string1) - tolower(*string2);
      |                                        ^~~~~~~~
      |                                        |
      |                                        unsigned char
In file included from cJSON.c:40:
../include/cstring.h:5:7: note: expected ‘char *’ but argument is of type ‘unsigned char’
    5 | char *tolower(char *data);
      |       ^~~~~~~
cJSON.c: At top level:
cJSON.c:178:25: warning: initialization of ‘void * (*)(size_t)’ {aka ‘void * (*)(unsigned int)’} from incompatible pointer type ‘void * (*)(int)’ [-Wincompatible-pointer-types]
  178 | #define internal_malloc malloc
      |                         ^~~~~~
cJSON.c:186:40: note: in expansion of macro ‘internal_malloc’
  186 | static internal_hooks global_hooks = { internal_malloc, internal_free, internal_realloc };
      |                                        ^~~~~~~~~~~~~~~
cJSON.c:178:25: note: (near initialization for ‘global_hooks.allocate’)
  178 | #define internal_malloc malloc
      |                         ^~~~~~
cJSON.c:186:40: note: in expansion of macro ‘internal_malloc’
  186 | static internal_hooks global_hooks = { internal_malloc, internal_free, internal_realloc };
      |                                        ^~~~~~~~~~~~~~~
cJSON.c:179:23: warning: initialization of ‘void (*)(void *)’ from incompatible pointer type ‘bool (*)(void *)’ {aka ‘unsigned char (*)(void *)’} [-Wincompatible-pointer-types]
  179 | #define internal_free free
      |                       ^~~~
cJSON.c:186:57: note: in expansion of macro ‘internal_free’
  186 | static internal_hooks global_hooks = { internal_malloc, internal_free, internal_realloc };
      |                                                         ^~~~~~~~~~~~~
cJSON.c:179:23: note: (near initialization for ‘global_hooks.deallocate’)
  179 | #define internal_free free
      |                       ^~~~
cJSON.c:186:57: note: in expansion of macro ‘internal_free’
  186 | static internal_hooks global_hooks = { internal_malloc, internal_free, internal_realloc };
      |                                                         ^~~~~~~~~~~~~
cJSON.c:180:26: warning: initialization of ‘void * (*)(void *, size_t)’ {aka ‘void * (*)(void *, unsigned int)’} from incompatible pointer type ‘void * (*)(void *, int)’ [-Wincompatible-pointer-types]
  180 | #define internal_realloc realloc
      |                          ^~~~~~~
cJSON.c:186:72: note: in expansion of macro ‘internal_realloc’
  186 | static internal_hooks global_hooks = { internal_malloc, internal_free, internal_realloc };
      |                                                                        ^~~~~~~~~~~~~~~~
cJSON.c:180:26: note: (near initialization for ‘global_hooks.reallocate’)
  180 | #define internal_realloc realloc
      |                          ^~~~~~~
cJSON.c:186:72: note: in expansion of macro ‘internal_realloc’
  186 | static internal_hooks global_hooks = { internal_malloc, internal_free, internal_realloc };
      |                                                                        ^~~~~~~~~~~~~~~~
cJSON.c: In function ‘cJSON_InitHooks’:
cJSON.c:214:31: warning: assignment to ‘void * (*)(size_t)’ {aka ‘void * (*)(unsigned int)’} from incompatible pointer type ‘void * (*)(int)’ [-Wincompatible-pointer-types]
  214 |         global_hooks.allocate = malloc;
      |                               ^
cJSON.c:215:33: warning: assignment to ‘void (*)(void *)’ from incompatible pointer type ‘bool (*)(void *)’ {aka ‘unsigned char (*)(void *)’} [-Wincompatible-pointer-types]
  215 |         global_hooks.deallocate = free;
      |                                 ^
cJSON.c:216:33: warning: assignment to ‘void * (*)(void *, size_t)’ {aka ‘void * (*)(void *, unsigned int)’} from incompatible pointer type ‘void * (*)(void *, int)’ [-Wincompatible-pointer-types]
  216 |         global_hooks.reallocate = realloc;
      |                                 ^
cJSON.c:220:27: warning: assignment to ‘void * (*)(size_t)’ {aka ‘void * (*)(unsigned int)’} from incompatible pointer type ‘void * (*)(int)’ [-Wincompatible-pointer-types]
  220 |     global_hooks.allocate = malloc;
      |                           ^
cJSON.c:226:29: warning: assignment to ‘void (*)(void *)’ from incompatible pointer type ‘bool (*)(void *)’ {aka ‘unsigned char (*)(void *)’} [-Wincompatible-pointer-types]
  226 |     global_hooks.deallocate = free;
      |                             ^
cJSON.c:234:32: warning: comparison of distinct pointer types lacks a cast
  234 |     if ((global_hooks.allocate == malloc) && (global_hooks.deallocate == free))
      |                                ^~
cJSON.c:234:71: warning: comparison of distinct pointer types lacks a cast
  234 |     if ((global_hooks.allocate == malloc) && (global_hooks.deallocate == free))
      |                                                                       ^~
cJSON.c:236:33: warning: assignment to ‘void * (*)(void *, size_t)’ {aka ‘void * (*)(void *, unsigned int)’} from incompatible pointer type ‘void * (*)(void *, int)’ [-Wincompatible-pointer-types]
  236 |         global_hooks.reallocate = realloc;
      |                                 ^
At top level:
cJSON.c:1413:19: warning: ‘print_object’ defined but not used [-Wunused-function]
 1413 | static cJSON_bool print_object(const cJSON * const item, printbuffer * const output_buffer)
      |                   ^~~~~~~~~~~~
cJSON.c:1293:19: warning: ‘print_array’ defined but not used [-Wunused-function]
 1293 | static cJSON_bool print_array(const cJSON * const item, printbuffer * const output_buffer)
      |                   ^~~~~~~~~~~
cJSON.c:846:19: warning: ‘print_string’ defined but not used [-Wunused-function]
  846 | static cJSON_bool print_string(const cJSON * const item, printbuffer * const p)
      |                   ^~~~~~~~~~~~
cJSON.c:545:19: warning: ‘print_number’ defined but not used [-Wunused-function]
  545 | static cJSON_bool print_number(const cJSON * const item, printbuffer * const output_buffer)
      |                   ^~~~~~~~~~~~
cJSON.c:439:23: warning: ‘ensure’ defined but not used [-Wunused-function]
  439 | static unsigned char* ensure(printbuffer * const p, size_t needed)
      |                       ^~~~~~
Compiling cJSON_Utils.c ...
cJSON_Utils.c: In function ‘cJSONUtils_strdup’:
cJSON_Utils.c:74:5: warning: implicit declaration of function ‘memcpy’ [-Wimplicit-function-declaration]
   74 |     memcpy(copy, string, length);
      |     ^~~~~~
cJSON_Utils.c:51:1: note: ‘memcpy’ is defined in header ‘<string.h>’; did you forget to ‘#include <string.h>’?
   50 | #include "cJSON_Utils.h"
  +++ |+#include <string.h>
   51 | 
cJSON_Utils.c: In function ‘compare_strings’:
cJSON_Utils.c:97:19: warning: passing argument 1 of ‘tolower’ makes pointer from integer without a cast [-Wint-conversion]
   97 |     for(; tolower(*string1) == tolower(*string2); (void)string1++, string2++)
      |                   ^~~~~~~~
      |                   |
      |                   unsigned char
In file included from cJSON_Utils.c:37:
../include/cstring.h:5:7: note: expected ‘char *’ but argument is of type ‘unsigned char’
    5 | char *tolower(char *data);
      |       ^~~~~~~
cJSON_Utils.c:97:40: warning: passing argument 1 of ‘tolower’ makes pointer from integer without a cast [-Wint-conversion]
   97 |     for(; tolower(*string1) == tolower(*string2); (void)string1++, string2++)
      |                                        ^~~~~~~~
      |                                        |
      |                                        unsigned char
In file included from cJSON_Utils.c:37:
../include/cstring.h:5:7: note: expected ‘char *’ but argument is of type ‘unsigned char’
    5 | char *tolower(char *data);
      |       ^~~~~~~
cJSON_Utils.c:105:20: warning: passing argument 1 of ‘tolower’ makes pointer from integer without a cast [-Wint-conversion]
  105 |     return tolower(*string1) - tolower(*string2);
      |                    ^~~~~~~~
      |                    |
      |                    unsigned char
In file included from cJSON_Utils.c:37:
../include/cstring.h:5:7: note: expected ‘char *’ but argument is of type ‘unsigned char’
    5 | char *tolower(char *data);
      |       ^~~~~~~
cJSON_Utils.c:105:40: warning: passing argument 1 of ‘tolower’ makes pointer from integer without a cast [-Wint-conversion]
  105 |     return tolower(*string1) - tolower(*string2);
      |                                        ^~~~~~~~
      |                                        |
      |                                        unsigned char
In file included from cJSON_Utils.c:37:
../include/cstring.h:5:7: note: expected ‘char *’ but argument is of type ‘unsigned char’
    5 | char *tolower(char *data);
      |       ^~~~~~~
cJSON_Utils.c: In function ‘compare_pointers’:
cJSON_Utils.c:139:47: warning: passing argument 1 of ‘tolower’ makes pointer from integer without a cast [-Wint-conversion]
  139 |         else if ((!case_sensitive && (tolower(*name) != tolower(*pointer))) || (case_sensitive && (*name != *pointer)))
      |                                               ^~~~~
      |                                               |
      |                                               unsigned char
In file included from cJSON_Utils.c:37:
../include/cstring.h:5:7: note: expected ‘char *’ but argument is of type ‘unsigned char’
    5 | char *tolower(char *data);
      |       ^~~~~~~
cJSON_Utils.c:139:65: warning: passing argument 1 of ‘tolower’ makes pointer from integer without a cast [-Wint-conversion]
  139 |         else if ((!case_sensitive && (tolower(*name) != tolower(*pointer))) || (case_sensitive && (*name != *pointer)))
      |                                                                 ^~~~~~~~
      |                                                                 |
      |                                                                 unsigned char
In file included from cJSON_Utils.c:37:
../include/cstring.h:5:7: note: expected ‘char *’ but argument is of type ‘unsigned char’
    5 | char *tolower(char *data);
      |       ^~~~~~~
Linking fonts/*.psf ...
ld: cannot open output file fonts/*.o: No such file or directory
Linking tunnelconfig/*.json
ld: cannot open output file tunnelconfig/*.o: No such file or directory
Assembling *.asm ...
nasm: fatal: unable to open input file `*.asm'
Compiling event.c ...
Compiling fs.c ...
Compiling hal.c ...
Compiling ide.c ...
Compiling idt.c ...
Compiling keyboard_ps2.c ...
Compiling nmi.c ...
Compiling pic.c ...
Compiling pit.c ...
Compiling rtc.c ...
Compiling screen.c ...
Compiling serial.c ...
Compiling sse.c ...
Compiling uhci.c ...
Linking fonts/*.psf ...
ld: cannot open output file fonts/*.o: No such file or directory
Linking tunnelconfig/*.json
ld: cannot open output file tunnelconfig/*.o: No such file or directory
Assembling avx.asm ...
Assembling cpuid_tools.asm ...
Assembling fpu.asm ...
Assembling ide.asm ...
Assembling idt.asm ...
Assembling pic.asm ...
Assembling pit.asm ...
Assembling sse.asm ...
Compiling easter.c ...
Compiling path.c ...
Compiling placeholder.c ...
Compiling systemconf.c ...
Compiling tools.c ...
Compiling trnd.c ...
Compiling unitype.c ...
Linking fonts/*.psf ...
ld: cannot open output file fonts/*.o: No such file or directory
Linking tunnelconfig/*.json
ld: cannot open output file tunnelconfig/*.o: No such file or directory
Assembling tools.asm ...
Compiling *.c ...
gcc: error: *.c: No such file or directory
gcc: fatal error: no input files
compilation terminated.
Linking fonts/*.psf ...
ld: cannot open output file fonts/*.o: No such file or directory
Linking tunnelconfig/*.json
ld: cannot open output file tunnelconfig/*.o: No such file or directory
Assembling *.asm ...
nasm: fatal: unable to open input file `*.asm'
cp: cannot stat '*.o': No such file or directory
Compiling shell_mouse.c ...
Compiling window_welcome.c ...
Linking fonts/*.psf ...
ld: cannot open output file fonts/*.o: No such file or directory
Linking tunnelconfig/*.json
ld: cannot open output file tunnelconfig/*.o: No such file or directory
Assembling *.asm ...
nasm: fatal: unable to open input file `*.asm'
Compiling cint.c ...
Compiling cstring.c ...
cstring.c: In function ‘strtod’:
cstring.c:85:24: warning: assignment discards ‘const’ qualifier from pointer target type [-Wdiscarded-qualifiers]
   85 |     if(endptr) *endptr = (const char *)nptr;
      |                        ^
Compiling math.c ...
Compiling sort.c ...
Compiling stdio.c ...
Compiling stdlib.c ...
Linking fonts/*.psf ...
ld: cannot open output file fonts/*.o: No such file or directory
Linking tunnelconfig/*.json
ld: cannot open output file tunnelconfig/*.o: No such file or directory
Assembling math.asm ...
Compiling *.c ...
gcc: error: *.c: No such file or directory
gcc: fatal error: no input files
compilation terminated.
Linking fonts/gui.psf ...
Linking fonts/text.psf ...
Linking tunnelconfig/system.json
Linking tunnelconfig/tunnel.json
Assembling *.asm ...
*.asm: fatal: more than one input file specified: cpuid_toolsa.o

removed 'fonts_compiled/gui.o'
removed 'fonts_compiled/text.o'
removed directory 'fonts_compiled'
rm -rv iso
mkdir iso
mkdir iso/tmp
mkdir iso/tmp/mkbootimg
cp bootboot/mkbootimg iso/tmp/mkbootimg/ -r
mkdir iso/tmp/sys
cp tunnelconfig/* .
cp config iso/tmp/sys/
cd iso/tmp/mkbootimg/mkbootimg
make all
cp ../../../../tunnel.x86_64.elf . -r
cp ../../../../tunnel.json . -r
./mkbootimg check tunnel.x86_64.elf
mkdir boot
cp ../../sys boot/ -r
cp tunnel.x86_64.elf boot/sys/core -r
./mkbootimg tunnel.json tunnel.x86_64.img
mv tunnel.x86_64.img ../../../tunnel.x86_64.img -v
cd ../../../
rm -rf tmp
iat tunnel.x86_64.img tunnel.x86_64.iso
du -h tunnel.x86_64.iso
du -h ../tunnel.x86_64.elf
rm -rfv tunnel.x86_64.img
cd ../
rm -rf config tunnel.json
rm: cannot remove 'iso': No such file or directory
make[1]: Entering directory '/home/dog/backup/TunnelOS/iso/tmp/mkbootimg/mkbootimg'
gcc -Wall -Wextra -ansi -pedantic   -c -o ech.o ech.c
gcc -Wall -Wextra -ansi -pedantic -Wno-implicit-fallthrough zlib.c -c -o zlib.o
gcc -Wall -Wextra -ansi -pedantic   -c -o jamesm.o jamesm.c
gcc -Wall -Wextra -ansi -pedantic   -c -o esp.o esp.c
gcc -Wall -Wextra -ansi -pedantic   -c -o img.o img.c
gcc -Wall -Wextra -ansi -pedantic   -c -o tar.o tar.c
gcc -Wall -Wextra -ansi -pedantic   -c -o util.o util.c
gcc -Wall -Wextra -ansi -pedantic   -c -o gpt.o gpt.c
gcc -Wall -Wextra -ansi -pedantic   -c -o jsonc.o jsonc.c
gcc -Wall -Wextra -ansi -pedantic   -c -o cpio.o cpio.c
gcc -Wall -Wextra -ansi -pedantic   -c -o fat.o fat.c
gcc -Wall -Wextra -ansi -pedantic   -c -o main.o main.c
gcc -Wall -Wextra -ansi -pedantic   -c -o lang.o lang.c
gcc -Wall -Wextra -ansi -pedantic   -c -o ext2.o ext2.c
gcc -Wall -Wextra -ansi -pedantic   -c -o lean.o lean.c
gcc -Wall -Wextra -ansi -pedantic   -c -o minix.o minix.c
gcc -Wall -Wextra -ansi -pedantic   -c -o fsZ.o fsZ.c
gcc -Wall -Wextra -ansi -pedantic   -c -o data.o data.c
gcc ech.o jamesm.o zlib.o util.o fat.o main.o lang.o img.o esp.o tar.o gpt.o cpio.o jsonc.o ext2.o lean.o minix.o fsZ.o data.o -o mkbootimg  
  adding: mkbootimg (deflated 6%)
  adding: DESCRIPT.ION (deflated 31%)
make[1]: Leaving directory '/home/dog/backup/TunnelOS/iso/tmp/mkbootimg/mkbootimg'
File format:  ELF64
Architecture: x86_64
Entry point:  ffffffffffe02000 OK
mmio:         fffffffff8000000 OK
fb:           fffffffffc000000 OK
bootboot:     ffffffffffe00000 OK
environment:  ffffffffffe01000 OK
Load segment: ffffffffffe02000 size 91K offs 80 OK
Complies with BOOTBOOT Protocol Level 1 and 2, valid dynamic addresses
[Kmkbootimg: tunnel.x86_64.img saved.
renamed 'tunnel.x86_64.img' -> '../../../tunnel.x86_64.img'
Iso9660 Analyzer Tool v0.1.3 by Salvatore Santagati
Licensed under GPL v2 or later

Detect Signature ISO9660 START at 32768
Detect Signature ISO9660 END at 36864

 Image offset start at 0
 Sector header 0 bit
 Sector ECC 0 bit
 Block 2048
Working .................... Done
129M	tunnel.x86_64.iso
76K	../tunnel.x86_64.elf
removed 'tunnel.x86_64.img'
rm -rf *.o fonts/*.o tunnelconfig/*.o
rm -rf *.elf *.iso
cp iso/tunnel.x86_64.iso .
rm -rf iso
